[INFO]    [15:45:18] [operators.avanza_bank.watchlists] - Update watchlists
[INFO]    [15:45:24] [operators.avanza_bank.watchlists] - Set active instrument for watchlists
[INFO]    [15:45:24] [operators.avanza_bank.watchlists] - > Active instrument set: MINI L OMX AVA 859
[INFO]    [15:45:24] [operators.avanza_bank.watchlists] - > Active instrument set: TURBO S OMX AVA 1879
[INFO]    [15:48:06] [operators.avanza_bank.watchlists] - Update watchlists
[INFO]    [15:48:11] [operators.avanza_bank.watchlists] - Set active instrument for watchlists
[INFO]    [15:48:11] [operators.avanza_bank.watchlists] - > Active instrument set: TURBO L OMX AVA 1913
[INFO]    [15:48:11] [operators.avanza_bank.watchlists] - > Active instrument set: MINI S OMX AVA 917
[INFO]    [15:49:32] [operators.avanza_bank.watchlists] - Update watchlists
[INFO]    [15:49:38] [operators.avanza_bank.watchlists] - Set active instrument for watchlists
[INFO]    [15:49:38] [operators.avanza_bank.watchlists] - > Active instrument set: MINI L OMX AVA 859 [leverage 29.49]
[INFO]    [15:49:38] [operators.avanza_bank.watchlists] - > Active instrument set: MINI S OMX AVA 864 [leverage 26.46]
[INFO]    [15:50:19] [operators.avanza_bank.watchlists] - Update watchlists
[INFO]    [15:50:25] [operators.avanza_bank.watchlists] - Set active instrument for watchlists
[INFO]    [15:50:25] [operators.avanza_bank.watchlists] - > Active instrument set: 🟢 BULL OMX X20 AVA 27 [leverage 20.0]
[INFO]    [15:50:25] [operators.avanza_bank.watchlists] - > Active instrument set: 🔴 BEAR OMX X20 AVA 46 [leverage 20.0]
[INFO]    [15:50:35] [operators.avanza_bank.watchlists] - Update watchlists
[INFO]    [15:50:40] [operators.avanza_bank.watchlists] - Set active instrument for watchlists
[INFO]    [15:50:40] [operators.avanza_bank.watchlists] - > Active instrument set: 🟢 BULL OMX X20 AVA 28 [leverage 20.0]
[INFO]    [15:50:40] [operators.avanza_bank.watchlists] - > Active instrument set: TURBO S OMX AVA 1934 [leverage 25.74]
[INFO]    [15:51:09] [operators.avanza_bank.watchlists] - Update watchlists
[INFO]    [15:51:14] [operators.avanza_bank.watchlists] - Set active instrument for watchlists
[INFO]    [15:51:14] [operators.avanza_bank.watchlists] - > Active instrument set: 🟢 BULL OMX X20 AVA 27 [leverage 20.0]
[INFO]    [15:51:14] [operators.avanza_bank.watchlists] - > Active instrument set: MINI S OMX AVA 864 [leverage 25.78]
[INFO]    [15:51:54] [operators.avanza_bank.watchlists] - Update watchlists
[INFO]    [15:51:59] [operators.avanza_bank.watchlists] - Set active instrument for watchlists
[INFO]    [15:51:59] [operators.avanza_bank.watchlists] - > Active instrument set: TURBO L OMX AVA 1906 [leverage 27.38]
[INFO]    [15:51:59] [operators.avanza_bank.watchlists] - > Active instrument set: TURBO S OMX AVA 1934 [leverage 25.87]
[INFO]    [15:53:27] [operators.avanza_bank.watchlists] - Update watchlists
[INFO]    [15:53:34] [operators.avanza_bank.watchlists] - Set active instrument for watchlists
[INFO]    [15:53:34] [operators.avanza_bank.watchlists] - > Active instrument set: TURBO L OMX AVA 1932 [leverage 33.91]
[INFO]    [15:53:34] [operators.avanza_bank.watchlists] - > Active instrument set: TURBO S OMX AVA 1876 [leverage 30.41]
[INFO]    [15:53:47] [operators.avanza_bank.watchlists] - Update watchlists
[INFO]    [15:53:52] [operators.avanza_bank.watchlists] - Set active instrument for watchlists
[INFO]    [15:53:52] [operators.avanza_bank.watchlists] - > Active instrument set: TURBO L OMX AVA 1906 [leverage 27.12]
[INFO]    [15:53:52] [operators.avanza_bank.watchlists] - > Active instrument set: TURBO S OMX AVA 1934 [leverage 26.12]
[INFO]    [15:55:38] [operators.avanza_bank.watchlists] - Update watchlists
[INFO]    [15:55:44] [operators.avanza_bank.watchlists] - Set active instrument for watchlists
[INFO]    [15:55:44] [operators.avanza_bank.watchlists] - > Active instrument set: TURBO L OMX AVA 1918 [leverage 49.54]
[INFO]    [15:55:44] [operators.avanza_bank.watchlists] - > Active instrument set: TURBO S OMX AVA 1872 [leverage 34.11]
[INFO]    [15:56:03] [operators.avanza_bank.watchlists] - Update watchlists
[INFO]    [15:56:09] [operators.avanza_bank.watchlists] - Set active instrument for watchlists
[INFO]    [15:56:09] [operators.avanza_bank.watchlists] - > Active instrument set: 🟢 BULL OMX X20 AVA 27 [leverage 20.0]
[INFO]    [15:56:09] [operators.avanza_bank.watchlists] - > Active instrument set: 🔴 BEAR OMX X20 AVA 46 [leverage 20.0]
[INFO]    [15:56:32] [operators.avanza_bank.watchlists] - Update watchlists
[INFO]    [15:56:37] [operators.avanza_bank.watchlists] - Set active instrument for watchlists
[INFO]    [15:56:37] [operators.avanza_bank.watchlists] - > Active instrument set: 🟢 BULL OMX X20 AVA 27 [leverage 20.0]
[INFO]    [15:56:37] [operators.avanza_bank.watchlists] - > Active instrument set: 🔴 BEAR OMX X20 AVA 46 [leverage 20.0]
[INFO]    [15:57:06] [operators.avanza_bank.watchlists] - Update watchlists
[INFO]    [15:57:11] [operators.avanza_bank.watchlists] - Set active instrument for watchlists
[INFO]    [15:57:11] [operators.avanza_bank.watchlists] - > Active instrument set: 🟢 BULL OMX X20 AVA 27 [leverage 20.0]
[INFO]    [15:57:11] [operators.avanza_bank.watchlists] - > Active instrument set: 🔴 BEAR OMX X20 AVA 46 [leverage 20.0]
[INFO]    [15:57:35] [operators.avanza_bank.watchlists] - Update watchlists
[INFO]    [15:57:41] [operators.avanza_bank.watchlists] - Set active instrument for watchlists
[INFO]    [15:57:41] [operators.avanza_bank.watchlists] - > Active instrument set: MINI L OMX AVA 859 [leverage 29.41]
[INFO]    [15:57:41] [operators.avanza_bank.watchlists] - > Active instrument set: MINI S OMX AVA 917 [leverage 29.49]
